Test content from Sprint 3